#Aaa88#,#Forschungsgebiet#,#Untergebiet#,#Titel der Verîffentlichung#,#Liste der Autoren (V.Name, etc.)#,#Journal/Buch/Magazin/Proceeding#
#And81#,#Laser Cooling#,#General#,#Radiative slowing and reduction of the energy spread of a beam of sodium atoms to 1.5 K in an opposi#,#S.V.Andreev,V.L.Balykin,V.S.Letokhov,V.G.Minogin#,#JETP Lett. 34, 443 (1981)#
#And82#,#Laser Cooling#,#General#,#Radative slowing down and monochromatization of a beam of sodium atoms in a counterpropagating laser#,#S.V.Andreev,V.L.Balykin,V.S.Letokhov,V.G.Minogin#,#Sov.Phys.JETP 55, 828 (1982)#
#Ari79#,#Laser Cooling#,#Deflection#,#Deflection of a Na Beam by Resonant Standing-Wave Radiation#,#E.Arimondo,H.Lew,T.Oka#,#Phys.Rev.Lett.43,753 (1979)#
#Arq88#,#Atomic Physics#,##,#Doppler-free two-photon spectroscopy of the 4S state of Na#,#F.Arqueros#,#Opt.Comm. 67, 341 (1988)#
#Asc88#,#Laser Tech#,#Data Acquisition#,#Time-of flight Fourier electron spectrometer#,#G.Ascarelli#,#Rev.Sci.Instrum.59(3),511(1988)#
#Ash70a#,#Laser Cooling#,#Deflection#,#Atomic-beam deflection by resonance-radiation pressure#,#A.Ashkin#,#Phys.Rev.Lett. 25, 1321 (1970)#
#Ash70b#,#Laser Cooling#,#Optical Traps#,#Acceleration and trapping of particles by radiation pressure#,#A.Ashkin#,#Phys.Rev.Lett. 24, 156 (1970)#
#Ash78#,#Laser Cooling#,##,#Trapping of atoms by resonance radiation pressure#,#A.Ashkin#,#Phys.Rev.Lett. 40, 729 (1978)#
#Ash79#,#Laser Cooling#,#Theory#,#Cooling and trapping of atoms by resonance radiation pressure#,#A.Ashkin,J.P.Gordon#,#Opt.Lett.4,161 (1979)#
#Ash83#,#Laser Cooling#,#Optical Traps#,#Stability of radiation-pressure particle traps: an optical Earnshaw theorem#,#A.Ashkin,J.P.Gordon#,#Opt.Lett.8,511 (1983)#
#Ash86#,#Laser Cooling#,#General#,#Observation of a single-beam gradient force optical trap for dielectric particles#,#A.Ashkin,J.M.Dziedzic,J.E.Bjorkholm,S.Chu#,#Opt.Lett.11,288 (1986)#
#Asp86#,#Laser Cooling#,#General#,#Cooling atoms with stimulated emission#,#A.Aspect,J.Dalibard,A.Heidmann,C.Salomon,C.Cohen-Tannoudji#,#Phys.Rev.Lett. 57, 1688 (1986)#
#Asp88#,#Laser Cooling#,#General#,#Laser cooling below the one photon recoil by velocity selective coherent population trapping#,#A.Aspect,E.Arimondo,R.Kaiser,N.Vansteenkiste,C.Cohen-Tannoudi#,#subm. to ›#
#Atu86#,#Laser Cooling#,#General#,#Movement of a Na-vapor cloud by light-induced drift#,#S.N.Atutov,St.Lesjak,S.P.Podjachev,A.M.Shalagin#,#Opt.Comm. 60, 41 (1986)#
#Bae88#,#Atomic Physics#,##,#Polarisation-dependent interference of two-photon absorption in a broad-band laser#,#V.M.Baev,K.Boller,P.E.Toschek#,#Opt.Comm. 66, 225 (1988)#
#Bag87#,#Laser Cooling#,#Magnetic Traps#,#Continuous stopping and trapping of neutral atoms#,#V.S.Bagnato,G.P.Lafyatis,A.G.Martin,E.L.Raab,R.N.Ahmad-BitarD.E.Pritchard#,#Phys.Rev.Lett. 58, 2194 (1987)#
#Bai85#,#Laser Cooling#,#General#,#Selective excitation of dressed atomic states by use of phase-controlled optical fields#,#Y.S.Bai,A.G.Yodh,T.W.Mossberg#,#Phys.Rev.Lett. 55, 1277 (1985)#
#Bak68#,#Laser Tech#,##,#Laser display technology#,#C.Baker#,#IEEE Spectrum 5, 39 (1968)#
#Bak76a#,#Laser Cooling#,#Theory#,#Fokker Planck equation for gas atoms resonantly interacting with a light wave#,#E.V.Baklanov,B.Y.Dubetsky#,#Opt.Spectr. 41, 1 (1976)#
#Bak76b#,#Laser Cooling#,##,#The resonance of two-photon absorption in separatde optical fields#,#Y.V.Baklanov,V.P.Chebotaev,B.Y.Dubetsky#,#Appl.Phys. 11, 210 (1976)#
#Bak87a#,#Laser Cooling#,#Optical Traps#,#Retention time of atoms and their density modulation in a resonant field of a standing wave#,#E.V.Baklanov#,#JETP Lett. 45, 342 (1987)#
#Bak87b#,#Laser Cooling#,#Deflection#,#Scattering of the wavepacket of an atom by a resonance standing light wave#,#E.V.Baklanov,V.G.Minogin#,#Sov.Phys.JETP 65, 237 (1987)#
#Bak88#,#Laser Tech#,#Pulsed lasers#,#An efficient laser pulser using ferrite magnetic switches#,#H.J.Baker, P.A.Ellsmore, E.C.Sille#,#J.Phys.E:Sci.Instrum.21(1988)218-224#
#Bal80#,#Laser Cooling#,#General#,#Cooling of sodium atoms by resonant laser radiation#,#V.I.Balykin,V.S.Letokhov,V.I.Mishin#,#J.Exp.and Theor.Phys 80,› (1980), JETP ›#
#Bal81#,#Laser Cooling#,#General#,#Radiative redistribution of the velocities of free sodium atoms  by resonance laser radiation#,#V.I.Balykin,V.S.Letokhov,V.G.Minogin#,#JETP 53, 919 (1981)#
#Bal84#,#Laser Cooling#,#Deceleration#,#Intense stationary flow of cold atoms formed by laser deceleration of atomic beam#,#V.O.Balykin,V.S.Letokhov,A.I.Sidorov#,#Opt.Comm.49,248 (1984)#
#Bal84a#,#Laser Cooling#,#General#,#Intense stationary flow of cold atoms formed by laser deceleration of atomic beam#,#V.I.Balykin,V.S.Letokhov,A.I.Sidorov#,#Opt.Comm. 49, 248 (1984)#
#Bal84b#,#Laser Cooling#,#General#,#Formation of an intense steady flux of cold atoms by the laser slowing of an atomic beam#,#V.I.Balykin,V.S.Letokhov,A.I.Sidorov#,#Sov.Phys.JETP 59, 1174 (1984)#
#Bal84c#,#Laser Cooling#,#Focussing#,#Radiative collimation of an atomic beam by two-dimensional cooling by a laser beam#,#V.I.Balykin,V.S.Letokhov,A.I.Sidorov#,#Pis'ma Zh.Eksp.Teor.Fiz. 40, 251 (1984)#
#Bal84d#,#Laser Cooling#,#Focussing#,#Collimation of atomic beams by resonant laser radiation pressure#,#V.I.Balykin,V.S.Letokhov,V.G.Minogin,T.V.Zueva#,#Appl.Phys. B35, 149 (1984)#
#Bal85#,#Laser Cooling#,#General#,#Cooling atoms by means of laser radiation pressure#,#V.I.Balykin,V.S.Letokhov,V.G.Minogin#,#Sov.Phys.Usp.28,9,803 (1985)#
#Bal86#,#Laser Cooling#,#Focussing#,#Focusing atomic beams by the dissipative radiation-pressure force of laser light#,#V.I.Balykin,V.S.Letokhov,A.I.Sidorov#,#JETP Lett.43,217 (1986)#
#Bal86a#,#Laser Cooling#,#Focussing#,#Collimation and decollimation of atomic beams by laser radiation pressure#,#V.I.Balykin,V.S.Letokhov,V.G.Minogin,Y.V.Rozhdestvenskii,A.ISidorov#,#Sov.Phys.JETP 63, 508 (1986)#
#Bal87a#,#Laser Cooling#,#Deflection#,#Reflection of an atomic beam from a gradient of an optical field#,#V.I.Balykin,V.S.Letokhov,Y.B.Ovchinnikov,A.I.Sidorov#,#JETP Lett. 45, 353 (1987)#
#Bal87b#,#Laser Cooling#,#Deceleration#,#The possibility of deep laser focusing of an atomic beam into the A-region#,#V.I.Balykin,V.S.Letokhov#,#Opt.Comm. 64, 151 (1987)#
#Bal88#,#Laser Cooling#,#Deflection#,#Reflection of an atomic beam from a gradient of an optical field#,#V.I.Balykin,V.S.Letokhov,Y.B.Ovchinnikov,A.I.Sidorov#,#JETP Lett.45,353 (1988)#
#Bal88#,#Laser Cooling#,#Focussing#,#Collimation and decollimation of atomic beams by laser radiation pressure#,#V.I.Balykin,V.S.Letokhov,V.G.Minogin,Y.V.Rozhdestvenskii,A.I.Sidorov#,#Sov.Phys.JETP 63,508 (1988)#
#Bal88#,#Laser cooling#,#Deflection#,#Quantum-state-selective mirror reflection of atoms by laser light#,#V.I.Balykin,V.S.Lethokov,Yu.B.Ovchinnikov,A.I.Sidorov#,#Phys.Rev.Lett.60,2137 (1988)#
#Bal88a#,#Laser Cooling#,#Deflection#,#Quantum-state-selective mirror reflection of atoms by laser light#,#V.I.Balykin,V.S.Letokhov,Y.B.Ovchinnikov,A.I.Sidorov#,#Phys.Rev.Lett. 60, 2137 (1988)#
#Bal88b#,#Laser Cooling#,#General#,#Laser control of the motion of neutral atoms and optical atomic traps#,#V.I.Balykin,V.S.Letokhov,V.G.Minogin#,#Physica Scripta T22, 119 (1988)#
#Bea86#,#Laser Cooling#,##,#Ultrahigh-resolution two-photon optical Ramsey spectroscopy of an atomic fountain#,#R.G.Beausoleil,T.W.Haensch#,#Phys.Rev. A33, 1661 (1986)#
#Bec74#,#Atomic Physics#,#Spectroscopy#,#Precision Measurements of the Nuclear Magnetic Dipole Moments of 6Li,7Li,23Na,39K and 41K#,#A.Beckmann,K.D.Bîcklen,D.Elke#,#Z.Phys.270,173 (1974)#
#Ben88#,#Laser Tech#,#Fibers#,#New compliant mounting for coupling microlensed fibers to semiconductor laser diodes#,#A.Benner#,#Rev.Sci.Instrum.59(4), 562(1988)#
#Ber76#,#Laser Cooling#,#Deflection#,#Isotope separation by laser deflection of an atomic beam#,#A.F.Bernhardt#,#Appl.Phys. 9, 19 (1976)#
#Ber81#,#Laser Cooling#,#Theory#,##,#A.F.Bernhardt,B.W.Shore#,#Phys.Rev. A23, 1290 (1981)#
#Ber86#,#Laser Cooling#,##,#Ramsey fringes in the nonlinear Hanle effect in a metastable atomic beam#,#G.Bertuccelli,N.Beverini,M.Galli,M.Inguscio,F.Strumia#,#Opt.Lett. 11, 351 (1986)#
#Bjo78#,#Laser Cooling#,#Focusing#,#Observation of Focusing of Neutral Atoms by the Dipole Forces of Resonance-Radiation Pressure#,#J.E.Bjorkholm,R.R.Freeman,A.Ashkin,D.B.Pearson#,#Phys.Rev.Lett.41,1361 (1978)#
#Bjo80#,#Laser Cooling#,#General#,#Experimental observation of the influence of the quantum fluctuations of resonance-radiation prssure#,#J.E.Bjorkholm,R.R.Freeman,A.Ashkin,D.B.Pearson#,#Opt.Lett.5,111 (1980)#
#Bjo80#,#Laser Cooling#,#General#,#Resonance-radiation pressure on atoms: new perspectives#,#J.E.Bjorkholm,R.R.Freeman#,#Comm.At.Mol.Phys. 10, 31 (1980)#
#Bjo81#,#Laser Cooling#,#Deflection#,#Efficient transverse deflection of neutral atomic beams using    spontaneous resonance-radiation pre#,#J.E.Bjorkholm,R.R.Freeman,D.B.Pearson#,#Phys.Rev. A23, 491 (1981)#
#Bla83#,#Laser Cooling#,#General#,#Cooling of an atomic beam with frequency-sweep techniques#,#R.Blatt,W.Ertmer,J.L.Hall#,#in "Laser cooled and trapped atoms",W.D.Phillips,ed.,#
#Bla84#,#Laser Cooling#,#Deceleration#,#Cooling of an atomic beam with frequency-sweep techniques#,#R.Blatt,W.Ertmer,J.L.Hall#,#Prog.Quant.Electr.8,237-248 (1984)#
#Bla84#,#Laser Cooling#,#General#,##,#R.Blatt,W.Ertmer,J.L.Hall#,#Prog.Quant Electr. 8, 237 (1984)#
#Bla85#,#Laser Cooling#,#Deceleration#,#Atomic Beam Cooling by Counterpropagating Laser Radiation#,#R.Blatt,W.Ertmer,J.L.Hall#,#Acta Physica Austriaca 57,151-156 (1985)#
#Bla85a#,#Laser Cooling#,#General#,#Atomic beam cooling by laser chirping to sub-Kelvin temperatures#,#R.Blatt,W.Ertmer,J.L.Hall#,#subm. Phys.Rev.Lett. (draft!) (1985)#
#Bla85b#,#Laser Cooling#,#General#,##,#R.Blatt,W.Ertmer,J.L.Hall#,#Acta Physica Austriaca 57, 151 (1985)#
#Bla86#,#Laser Cooling#,#Theory#,#Atomic-beam cooling: A simulation approach#,#R.Blatt,W.Ertmer,P.Zoller,J.L.Hall#,#Phys.Rev.A34,4,3022 (1986)#
#Bla88#,#Laser Cooling#,##,#Cooling in traps#,#R.Blatt,G.Lafyatis,W.D.Phillips,S.Stenholm,D.J.Wineland#,#Physica Scripta T22, 216 (1988)#
#Bla#,#Laser Cooling#,#General#,#Atomic beam cooling by counterpropagating laser radiation#,#R.Blatt,W.Ertmer,J.L.Hall#,#›, 270 (19›)#
#Boi88#,#Laser Cooling#,#General#,#Doppler-free spectroscopy and isotopic shift of the Mg I resonance line at 285 nm#,#S.L.Boiteux,A.Klein,J.R.Rios Leite,M.Ducloy#,#J.de.Phys. France 49, 885 (1988)#
#Bol85#,#Ion Traps#,##,#Laser-cooled atomic frequency standard#,#J.J.Bollinger,J.D.Prestage,W.M.Itano,D.J.Wineland#,#Phys.Rev.Lett. 54, 1000 (1985)#
#Bos87#,#Internal Targets#,#Accelerators#,#The Planned Heavy-Ion Storage-Cooler Rings:Powerful Tools for New Experiments in Nucl. & Atomic Phys#,#F.Bosch#,#Physica Scripta. Vol. 36, 730-736 (1987)#
#Bou87#,#Atomic Physics#,#IS#,#Isotope shift measurements in zirconium by Doppler-free laser polarization spectroscopy#,#Ch.Bourauel,W.Rupprecht,S.BÅttgenbach#,#Z.Phys.D 7,129 (1987)#
#Bre88#,#Laser Tech#,#Data acquisitation#,#Sheathed thermocouples as heater elements#,#C.A.M.Brenninkmeijer, I.Hemmingsen#,#J.Phys.E:Sci.Instrum.21(1988)502-503#
#Bri87#,#Laser Tech#,#Pulsed Lasers#,#A simple effective pulse compressor for pulsed dye lasers#,#D.J.Brink,T.N.de Kock#,#J.Phys.D:Appl.Phys.20,1584 (1987)#
#Bur79#,#Laser Tech#,#Stabilization#,#Precise rf Tuning for cw Dye Lasers#,#B.Burghardt,W.Jitschin,G.Meisel#,#Appl.Phys.20,141 (1979)#
#Bur88#,#Atomic Physics#,##,#Optically induced spin transients in the ground state of atomic sodium#,#S.Burschka,J.Mlynek#,#Opt.Comm. 66, 59 (1988)#
#Car88#,#Atomic Physics#,##,#Three-state systems driven by resonant optical pulses of different shapes#,#C.E.Carroll,F.T.Hioe#,#J.Opt.Soc.Am.B 5, 1335 (1988)#
#Chd88#,#Laser Cooling#,#Theory#,#The resonance Kapitza-Dirac effect in a quantized electromagnetic field#,#D.O.Chudesnikov,A.V.Tsevetnov,V.P.Yakovlev#,#Opt.Comm. 66, 191 (1988)#
#Che78#,#Atomic Physics#,##,#Observation of two-photon absorption resonance in spatially separated fields#,#V.P.Chebotaev,A.V.Shishaev,B.Y.Yurshin,L.S.Vasilenko#,#Appl.Phys. 15, 43 (1978)#
#Chu85#,#Laser Cooling#,#Focussing#,#Three-dimensional viscous confinement and cooling of atoms by resonance radiation pressure#,#S.Chu,L.Hollberg,J.E.Bjorkholm,A.Cable,A.Ashkin#,#Phys.Rev.Lett. 55, 48 (1985)#
#Chu86a#,#Laser Cooling#,#Optical Traps#,#Experimental observation of optically trapped atoms#,#S.Chu,J.E.Bjorkholm,A.Ashkin,A.Cable#,#Phys.Rev.Lett. 57, 314 (1986)#
#Chu86b#,#Laser Cooling#,#Theory#,#Proposal for optically cooling atoms to temperatures of the order of 10-6 K#,#S.Chu,J.E.Bjorkholm,A.Ashkin,J.P.Gordon,L.W.Hollberg#,#Opt.Lett. 11, 73 (1986)#
#Chu87#,#Laser Cooling#,#Optical Traps#,#Laser Cooling and Trapping of Atoms#,#S.Chu,M.G.Prentiss,A.E.Cable,J.E.Bjorkholm#,##
#Chu87#,#Laser Cooling#,#Optical Traps#,#Demonstration of Laser Cooling and trapping of atoms#,#S.Chu,J.E.Bjorkholm,A.Ashkin,A.Cable#,#Elsevier Science Publishers#
#Chu88#,#Laser Cooling#,##,#Demonstration of laser cooling and trapping of atoms#,#S.Chu,J.E.Bjorkholm,A.Ashkin,A.Cable#,#in: Atomic physics 10, H.Narumi,I.Shimamura (eds.), (Elsevie#
#Clo87#,#Laser Cooling#,#General#,#Optical Elements for Manipulating Atoms#,#K.Cloppenburg,G.Hennig,A.Mihm,H.Wallis,W.Ertmer#,#Laser Spectroscopy VIII, S.87#
#Clo87#,#Laser Cooling#,#General#,#Preparation of Cold Atoms for Precision Measurements#,#K.Cloppenburg,G.Hennig,J.Nellessen,W.Ertmer#,#"Fundamentals in Quantum Optics II"#
#Clo87a#,#Laser Cooling#,#Deflection#,#Optical elements for manipulating atoms#,#K.Cloppenburg,G.Hennig,A.Mihm,H.Wallis,W.Ertmer#,#in: "Laser Spectroscopy VIII", Eds. W.Persson,S.Svanberg, 87#
#Clo87b#,#Laser Cooling#,#General#,#Preparation of cold atoms for precision measurements#,#K.Cloppenburg,G.Hennig,J.Nellessen,W.Ertmer#,#in: "Fundamentals of Quantum Optics II", Ed. F.Ehlotzky, 181#
#Coh#,#Laser Cooling#,#Theory#,#Dressed-atom approach to resonance fluorescence#,#C.Cohen-Tannoudji,S.Reynaud#,#›#
#Coo78a#,#Laser Cooling#,#Theory#,#Deflection of atoms by a resonant standing electromagnetic wave#,#R.J.Cook,A.F.Bernhardt#,#Phys.Rev. A 18, 2533 (1978)#
#Coo78b#,#Laser Cooling#,#Theory#,#Theory of atomic motion in a resonant electromagnetic light wave#,#R.J.Cook#,#Phys.Rev.Lett. 41, 1788 (1978)#
#Coo79#,#Laser Cooling#,#Theory#,#Atomic motion in resonant radiation : an application ofEhrenfest's theorem#,#R.J.Cook#,#Phys.Rev. A 20, 224 (1979)#
#Coo80a#,#Laser Cooling#,#Theory#,#Theory of resonance-radiation pressure#,#R.J.Cook#,#Phys.Rev.A 22, 1078 (1980)#
#Coo80b#,#Laser Cooling#,#Theory#,#Atomic motion in resonant fluctuating laser radiation#,#R.J.Cook#,#Phys.Rev. A 21, 268 (1980)#
#Coo82#,#Laser Cooling#,#Deflection#,#An electromagnetic mirror for neutral atoms#,#R.J.Cook,R.K.Hill#,#Opt.Comm. 43, 258 (1982)#
#Dal83#,#Laser Cooling#,#Optical Traps#,#Proposals of stable optical traps for neutral atoms#,#J.Dalibard,S.Reynaud,C.Cohen-Tannoudji#,#Opt. Comm.47,6,395 (1983)#
#Dal84a#,#Laser Cooling#,##,#Potentialities of a new s+ s- laser configuration for radiative cooling and trapping#,#J.Dalibard,S.Reynaud,C.Cohen-Tannoudji#,#J.Phys.B:At.Mol.Phys. 17, 4577 (1984)#
#Dal84b#,#Laser Cooling#,#Theory#,#Atomic motion in laser light - connection between semiclassical  and quantum descriptions#,#J.Dalibard,C.Cohen-Tannoudji#,#J.Phys.B › (1984)#
#Dal85#,#Laser Cooling#,#Theory#,#Dressed-atom-approach to atomic motion in laser light: the dipole force revisited#,#J.Dalibard,C.Cohen-Tannoudji#,#J.Opt.Soc.Am. B 2, 1707 (1985)#
#Dal87#,#Laser Cooling#,#Focussing#,#Atomic Motion in a Laser Standing Wave#,#J.Dalibard,C.Salomon,A.Aspect,A.Heidmann,C.Cohen-Tannoudji#,#Laser Spectroscopy VIII, S.81#
#Dal87#,#Laser Cooling#,#Theory#,#Atomic motion in a resonant laser standing wave#,#J.Dalibard,A.Heidman,C.Salomon,A.Aspect,H.Metcalf,C.Cohen-Tanoudji#,#in: "Fundamentals of Quantum Optics II",F.Ehlotzky (ed.), 18#
#Dal88#,#Laser Cooling#,#Theory#,#Laser-atom interactions: recent theoretical developments#,#J.Dalibard,C.Cohen-Tannoudji#,#in: Atomic Physics 10, H.Narumi,I.Shimamura (eds.), (Elsevie#
#DeM88#,#Atomic Physics#,#Spectroscopy#,#Optogalvanic investigations in the cathodic region of a neon glow discharge#,#E.Arimondo#,#J.Appl.Phys.63,649 (1988)#
#DeV88#,#Laser Tech#,##,#Precision optical-frequency-difference measurements#,#R.G.DeVoe,C.Fabre,K.Jungmann,J.Hoffnagle,R.G.Brewer#,#Phys.Rev A37, 1802 (1988)#
#Die87#,#Ion Traps#,#Cooling#,#Observation of a Phase Transition of Stored Laser-Cooled Ions#,#F.Diedrich,E.Peik,J.M.Chen,W.Quint,H.Walther#,#Phys.Rev.Lett.59,26,2931 (1987)#
#Dub84#,#Laser Cooling#,#General#,#Interference of atoms and formation of atomic spatial arrays in     light fields#,#B.Y.Dubetskii,A.P.Kasantzev,V.P.Chebotaev,V.P.Yakovlev#,#Pis'ma Zh.Eksp.Teor.Fiz.39,531 (1984)#
#Dub88#,#Ion Traps#,#General#,#Computer Simulation of Ion Clouds in a Penning Trap#,#D.H.E.Dubin,T.M.O'Neil#,#Phys.Rev.Lett.60,511 (1988)#
#Dun88#,#Ion Traps#,#General#,#Ion source for production of metastable He+ (2S1/2) ions#,#R.W.Dunford, M.S.Dewey#,#Rev.Sci.Instrum.59(3),443(1988)#
#Dur87#,#Laser Tech#,#Light Beams#,#Diffraction-Free Beams#,#J.Durnin,J.J.Miceli,J.H.Eberly#,#Phys.Rev.Lett.58,1499 (1987)#
#Dur87a#,#Laser Tech#,##,#Exact solution fo nondiffracting beams. I. The scalar theory#,#J.Durnin#,#J.Opt.Soc.Am. A4, 651 (1987)#
#Dur87b#,#Laser Tech#,##,#Diffraction-free beams#,#J.Durnin,J.J.Miceli jr.#,#Phys.Rev.Lett. 58, 1499 (1987)#
#Dur88#,#Laser Tech#,##,#Comparison of Bessel and Gaussian beams#,#J.Durnin,J.J.Miceli jr.,J.H.Eberly#,#Opt.Lett. 13, 79 (1988)#
#Ear88#,#Laser Cooling#,#Deflection#,#Deflection of Barium atoms by a standing-light field#,#J.W.Early#,#Opt.Comm.65,250 (1988)#
#Ein17#,#Laser Cooling#,#Theory#,#Zur Quantentheorie der Strahlung#,#A.Einstein#,#Phys.Zeitschr. XVIII, 121 (1917)#
#Ert83#,#Laser Cooling#,#General#,#Some Candidate atoms and Ions for frequency Standards Research using Laser Radiative Cooling Techn.#,#W.Ertmer,R.Blatt,J.L.Hall#,#Laser-Cooled and trapped Atoms, Proc. of the NBS Workshop#
#Ert83#,#Laser Cooling#,#General#,#Some candidate atoms and ions for frequency standards research using laser radiative cooling techniq#,#W.Ertmer,R.Blatt,J.L.Hall#,#in: "Laser cooled and trapped atoms" ....#
#Ert84#,#Laser Cooling#,#General#,#Some Candidate Atoms and Ions for frequency standards research using Laser radiative cooling techniq#,#W.Ertmer,R.Blatt,J.L.Hall#,#Prog.Quant.Electr.8,249-255 (1984)#
#Ert85#,#Laser Cooling#,#Deceleration#,#Laser Manipulation of Atomic Beam Velocities: Demonstration of Stopped Atoms and Velocity Reversal#,#W.Ertmer,R.Blatt,J.L.Hall,M.Zhu#,#Phys.Rev.Lett.54,10,996 (1985)#
#Ert86#,#Laser Cooling#,#General#,#Cooled Atomic Beams for Frequency Standards#,#W.Ertmer,S.Penselin#,#Metrologia 22,195-200 (1986)#
#Ert87#,#Laser Cooling#,#Deflection#,#Laser Cooling and Storage of Free Atoms#,#W.Ertmer#,#Physica Scripta 36,306-311 (1987)#
#Ert87#,#Laser Cooling#,#Deceleration#,#LaserkÅhlung von Atomstrahlen-Atome im Mikrokelvin-Bereich und darunter#,#W.Ertmer#,#Phys.Bl.43 (1987) Nr.10#
#Ert87b#,#Laser Cooling#,#General#,##,#W.Ertmer#,#Physica Scripta 36, 306 (1987)#
#Far88#,#Atomic Physics#,##,#Quantum-electrodynamic calculation of hyperfine-state populations in atomic sodium#,#P.M.Farrell,W.R.MacGillivray,M.C.Standage#,#Phys.Rev. A37, 4240 (1988)#
#For87#,#Atomic Physics#,#Spectroscopy#,#Spontaneous Spin Polarization and Bistability in Atomic Vapors by Optical Pumping with Unpol. Light#,#N.Fortson,B.Heckel#,#Phys.Rev.Lett. 59,12,1281 (1987)#
#Fri33#,#Laser Cooling#,#Deflection#,#Experimenteller Nachweis des Einsteinschen StrahlungsrÅckstoûes#,#R.Frisch#,#Z.Phys. 86, 42 (1933)#
#Fuj62#,#Laser Tech#,#Light Beams#,#Optical Properties of Conic Surfaces. I. Reflecting Cone#,#S.Fujiwara#,#JOSA 52,3,287 (1962)#
#Gel86a#,#Laser Cooling#,#General#,#Kinetic theory of light-induced drift of gas particles#,#F.K.Gel'mukhanov,L.V.Il'ichov,A.M.Shalagin#,#Physica 137A, 502 (1986)#
#Gel86b#,#Laser Cooling#,#General#,#Kinetic theory of light-induced drift of particles with degenerate energy levels#,#F.K.Gel'mukhanov,L.V.Il'ichov,A.M.Shalagin#,#J.Phys.A: Math.Gen. 19,2201 (1986)#
#Ger24#,#Atomic Physics#,#General#,#öber die Richtungsquantelung im Magnetfeld#,#W.Gerlach,O.Stern#,#Annalen der Physik,IV,74,45 (1924)#
#Ger88#,#Laser Cooling#,#General#,#Measurement of weak branching out of the (near-) two-level system Ba 6s6p 1P1 <-> 6s2 1S0#,#G.K.Gerke,B.A.Bushaw#,#Phys.Rev. A37, 1502 (1988)#
#Gil88#,#Laser Tech#,#Ion lasers#,#A microprocessor-controlled iodine-stabilised ion laser#,#P.Gill, J.A.Clancy#,#J.Phys.E:Sci.Instrum.21(1988)213-218#
#Gio88#,#Atomic Physics#,##,#Noise in the optical detection of atoms in a beam#,#V.Giordano,V.Candelier,A.Hamel,C.Audoin,G.Theobald,P.Cerez#,#Opt.Comm. 67, 287 (1988)#
#Gla87#,#Quantum Optics#,#General#,#Quantum Devices and Measurement#,#R.J.Glauber#,##
#Gol88#,#Quantum Optics#,##,#Radiative and dynamical properties of homogeneously prepared atomic samples#,#J.E.Golub,Y.S Bai,T.W.Mossberg#,#Phys.Rev. A37, 119 (1988)#
#Goo88#,#Laser Tech#,#Stabilization#,#Frequency locking a single mode TEA CO2 laser#,#F.A.van Goor, A.Sobolewski#,#Rev.Sci.Instrum.59(2),372(1988)#
#Gor80#,#Laser Cooling#,##,#Motion of atoms in a radiation trap#,#J.P.Gordon,A.Ashkin#,#Phys.Rev. A21, 1606 (1980)#
#Gou88#,#Laser Cooling#,#Optical Traps#,#Observation of Associative Ionization of Ultracold Laser-Trapped Sodium Atoms#,#P.L.Gould,P.D.Lett,P.S.Julienne,W.D.Phillips,H.R.Thorsheim,J.Weiner#,#Phys.Rev.Lett.60,788 (1988)#
#Gri81#,#Laser Cooling#,#Deflection#,#Scattering an atomic beam by a short light pulse#,#V.A.Grinchuk,E.F.Kuzin,M.L.Nageva,G.A.Ryabenko,A.P.KazantsevG.I.Surdutovich,V.#,#Phys.Lett. 86A, 136 (1981)#
#Gri84#,#Laser Cooling#,#Deflection#,#Scattering of atoms by the forces of stimulated radiation pressure#,#V.A.Grinchuk,A.P.Kazantsev,E.F.Kuzin,M.L.Nagaeva,G.A.Ryabenk,G.I.Surdutovich,V#,#Sov.Phys.JETP 59, 56 (1984)#
#Grig85#,#Laser Cooling#,#Deflection#,#Observation of a two-frequency resonant hologram from excited sodium atoms#,#I.S.Grigor'ev,A.F.Semerok,V.A.Firsov,A.V.Chankin#,#Sov.Phys.JETP 62, 477 (1985)#
#Hae75#,#Laser Cooling#,#General#,#Cooling of gases by laser radiation#,#T.W.HÑnsch,A.L.Schawlow#,#Opt.Comm. 13, 68 (1975)#
#Haeb85#,#Atomic Physics#,#Targets#,#Free and stored atomic beams as internal polarized targets#,#W.Haeberli#,#AIP Conference Proc,No.128,ed.P.Schwandt,H.O.Meyer,USA,1985#
#Ham88#,#Laser Tech#,#General#,#A versatile, low-cost pyroelectric laser power monitor for the 1mW  to 50W range#,#M.Hammerich, A.Olafss0on#,#J.Phys.E:Sci.Insrum.21(1988)80-83#
#Han88#,#Laser Tech#,#Modulation#,#Photo-thermoelastic mechanical beam chopper at a low frequency#,#K.Hane, T.Kanie, S.Hattori#,#Rev.Sci.Instrum.59(4), 655(1988)#
#Hau88#,#Laser Tech#,#Light Beams#,#Losses and mode structure of unstable resonators with spherical mirrors#,#R.Hauck,N.Hodgson,H.Weber#,#J.Appl.Phys.63,628 (19889#
#Heer80#,#Atomic Physics#,#Targets#,#Polarized Targets in Nuclear and High Energy Physics#,#W.Heeringa#,#KfK 3062,Nov. 1980#
#Hof88#,#Laser Cooling#,#General#,#Proposal for continuous white-light cooling of an atomic beam#,#J.Hoffnagle#,#Opt.Lett.13,102 (1988)#
#Hol88#,#Laser Tech#,#Light beams#,#Multiple-pass Michelson interferometry#,#A.J.Holloway, D.C.Emmony#,#J.Phys.E:Sci.Instrum.21(1988)384-388#
#How87#,#Laser Tech#,#Modulation#,#A versatile computer-controlled power supply for generating complex voltage profiles#,#S.K.Howell#,#J.Phys.E:Sci.Instrum.20,1518 (1987)#
#Jac73#,#Laser Cooling#,#Deflection#,#High resolution spectroscopic application of atomic beam deflection by resonant light#,#P.Jacquinot,S.Liberman,J.L.Pique,J.Pinard#,#Opt.Comm. 8, 163 (1973)#
#Jac76#,#Atomic Physics#,##,#Atomic beam spectroscopy#,#P.Jacquinot#,#in: "High resolution spectroscopy", Ed. K.Shimoda, (Springer#
#Jad86#,#Laser Cooling#,#Deflection#,#Quantitative analysis of the deflection of a sodium beam by laser     radiation#,#B.Jaduzliwer,G.F.Shen,B.Bederson#,#Phys.Rev. A33, 3792 (1986)#
#Jav87#,#Laser Cooling#,#Theory#,#Low-Temperature Physics with Laser Cooling#,#J.Javanainen#,#Fundamentals in Quantum Optics II#
#Joh88#,#Laser Tech#,#Diode Lasers#,#Controlling Temperatures of Diode Lasers and Detectors Thermoelectrically#,#L.A.Johnson#,#Lasers & Optronics,4,109 (1988)#
#John82#,#Laser Tech#,#Dye Lasers#,#Angle matched doubling in LiIO3 intra-cavity to a ring dye laser#,#T.F.Johnston,T.J.Johnston#,#Coherent Inc. Publication#
#John82#,#Laser Tech#,#Dye Lasers#,#Powerful single-frequency ring dye laser spanning the visible spectrum#,#T.F.Johnston,R.H.Brady,W.Proffitt#,#Appl.Opt.21,2307 (1982)#
#Jul88#,#Laser Cooling#,##,#Laser modification of ultracold atomic collisions in optical traps#,#P.S.Julienne#,#Phys.Rev.Lett. 61, 698 (1988)#
#Kai88#,#Surface#,#Exp. Tech#,#Reliable and versatile scanning tunneling microscope#,#W.J.Kaiser, R.C.Jaklevic#,#Rev.Sci.Instrum. 59(4), 537(1988)#
#Kaz74#,#Laser Cooling#,#Theory#,#Recoil effect in a strong resonant field#,#A.P.Kazantsev#,#Sov.Phys.JETP,40,825 (1974)#
#Kaz74#,#Laser Cooling#,#Theory#,#The acceleration of atoms by light#,#A.P.Kazantsev#,#Zh.Eksp.Teor.Fiz.66,1599 (1974)#
#Kaz74#,#Laser Cooling#,#Theory#,#The acceleration of atoms by light#,#A.P.Kazantsev#,#Sov.Phys.-JETP 39, 784 (1974)#
#Kaz75#,#Laser Cooling#,#Theory#,#Recoil effect in a strong resonant field#,#A.P.Kazantsev#,#Sov.Phys.-JETP 40, 825 (1975)#
#Kaz78#,#Laser Cooling#,#Theory#,#Resonance light pressure#,#A.P.Kazantsev#,#Sov.Phys.Usp. 21, 58 (1978)#
#Kaz81#,#Laser Cooling#,#Theory#,#The scattering of slow atoms by light#,#A.P.Kazantsev,G.I.Surdutovich,V.P.Yakovlev#,#Appl.Phys. 25, 165 (1981)#
#Kaz85a#,#Laser Cooling#,#Theory#,#On the quantum theory of the scattering of atoms by a standing light wave#,#A.P.Kazantsev,G.I.Surdutovich,V.P.Yakovlev,D.O.Chudesnikov#,#Opt.Comm.52,311 (1985)#
#Kaz85b#,#Laser Cooling#,#Theory#,#Scattering of atoms by light#,#A.P.Kazantsev,G.A.Ryabenko,G.I.Surdutovich,V.P.Yakovlev#,#Phys.Rep. 129, 76 (1985)#
#Kim88#,#Atomic Physics#,##,#Dye laser frequency locking to the hyperfine structure (3S1/2 F=2 - 3P1/2 F=2) of Sodium D1-line by#,#J.B.Kim,H.J.Kong,S.S.Lee#,#Appl.Phys.Lett. 52, 417 (1988)#
#Kog66#,#Laser Tech#,#Light Beams#,#Laser Beams and Resonators#,#H.Kogelnik,T.Li#,#Proc.IEEE,54,1312 (1966)#
#Koln88#,#Laser Tech#,#Modulation#,#Active pulse compression using an integrated electro-optic phase modulator#,#B.H.Kolner#,#Appl.Phys.Lett.52,1122 (1988)#
#Kot87#,#Laser Cooling#,#Deflection#,#Effect of photodeflection on the absorption line shape of sodium atoms#,#E.N.Kotlikov,L.Yu.Khryashchev#,#Opt.Spektrosk.62,1219 (1987)#
#Kra79#,#Laser Cooling#,#Theory#,#Phasing of atomic velocities in the field of a traveling electromagnetic wave#,#I.V.Krasnov,N.Y.Shaparev#,#Sov.Phys.JETP 50,453 (1979)#
#Len88#,#Laser Medicine#,#Cancer Therapy#,#Endoscopic fluorescence detector#,#P.Lenz#,#Rev.Sci.Instrum.59(6),930(1988)#
#Let76#,#Laser Cooling#,#Theory#,#Cooling and capture of atoms and molecules by a resonant laser field#,#V.S.Letokhov,V.G.Minogin,B.D.Pavlik#,#Opt.Comm. 19, 72 (1976)#
#Let77#,#Laser Cooling#,#Theory#,#Cooling and capture of atoms and molecules by a resonant lightfield#,#V.S.Letokhov,V.G.Minogin,B.D.Pavlik#,#Sov.Phys. JETP 45, 698 (1977)#
#Let79#,#Laser Cooling#,#General#,#Cooling,trapping and storage of atoms by resonant laser fields#,#V.S.Letokhov,V.G.Minogin#,#J.Opt.Soc.Am. 3, 413 (1979)#
#Let80#,#Laser Cooling#,##,#Possibility of accumulation and storage of cold atoms in magnetic traps#,#V.S.Letokhov,V.G.Minogin#,#Opt.Comm. 35, 199 (1980)#
#Let81a#,#Laser Cooling#,#General#,#Laser cooling of atoms and its applications in frequency standards#,#V.S.Letokhov,V.G.Minogin#,#J.de.Phys. C8, 347 (1981)#
#Let81b#,#Laser Cooling#,#General#,#Laser radiation pressure on free atoms#,#V.S.Letokhov,V.G.Minogin#,#Phys.Rep. 73, 1 (1981)#
#Lett#,#Laser Cooling#,#General#,#Prospects for electromagnetic manipulation and trapping of antihydrogen#,#P.D.Lett,P.L.Gould,W.D.Phillips#,##
#Lett88#,#Laser cooling#,#General#,#Observation of atoms laser cooled below the doppler limit#,#P.D.Lett,R.N.Watts,C.I.Westbrook,W.D.Phillips,P.L.Gould,H.J.Metcalf#,#Phys.Rev.Lett.61, 169 (1988)#
#Li88#,#Laser Tech#,##,#Design of phase plates for changing the wavefront of lasers#,#Y.P.Li,D.Hui,Y.Kun#,#Opt.Comm. 66, 122 (1988)#
#Lia86#,#Laser Cooling#,#General#,#Modifications of the velocities of atoms submitted to a resonant multimode laser: an experimental st#,#J.Liang,C.Fabre#,#Opt.Comm. 59, 31 (1986)#
#Lia88#,#Laser Cooling#,#General#,#Laser cooling of positronium#,#E.P.Liang,C.D.Dermer#,#Opt.Comm. 65, 419 (1988)#
#Lom88#,#Laser Tech#,#Pulsed Lasers#,#Optical determination of the characteristics of a pulsed-gas jet#,#L.A.LomprÇ,M.Ferray,A.L'Huillier,X.F.Li,G.Mainfray#,#J.Appl.Phys.63,1791 (1988)#
#Lu88#,#Laser Tech#,#Light Beams#,#A dynamic alignment system for scanning Michelson interferometers#,#Z.J.Lu, R.A.Kochler, W.A.Gault, F.C.Liang#,#J.Phys.E:Sci.Instrum.21(1988) 71-74#
#Lu88#,#Laser Tech#,#Light Beams#,#A new scanning method for field-compensated Michelson interferometers#,#Z.J.Lu, W.A.Gault, R.A.Kochler#,#J.Phys.E:Sci.Instrum. 21(1988) 68-71#
#Lub83#,#Laser Cooling#,#General#,#Velocity compression and cooling of a sodium atomic beam using a frequency modulated ring laser#,#M.S.Lubell,K.Rubin#,#"Laser cooled and trapped atoms" (1983)#
#Mag88#,#Laser Cooling#,#Deflection#,#Dynamics of quasiresonant vibration-rotation transfer in atom-diatom scattering#,#P.D.Magill,B.Steward,N.Smith,D.E.Pritchard#,#Phys.Rev.Lett. 60, 1943 (1988)#
#Mar88#,#Laser Cooling#,#Theory#,#Diffraction of atoms moving through a standing light wave#,#P.J.Martin,P.L.Gould,B.G.Oldaker,A.H.Miklich,D.E.Pritchard#,#to be published#
#Mar88#,#Laser Cooling#,#General#,#Bragg-Scattering of Atoms from a Standing Light Wave#,#P.J.Martin,B.G.Oldaker,A.H.Miklich,D.E.Pritchard#,#Phys.Rev.Lett.60,515 (1988)#
#Marc87#,#Laser Tech#,##,#Gaussian beams are fundamentally different from free-space modes#,#E.Marcatili,C.G.Someda#,#IEEE J.QE 23, 164 (1987)#
#McC85#,#Atomic Physics#,##,#Detailed look at aspects of optical pumping in sodium#,#J.J.McClelland,M.H.Kelley#,#Phys.Rev. A31, 3704 (1985)#
#Mei87#,#Atomic Physics#,#Spectroscopy#,#Influence of Coherence on Associative Ionization in Na(3p) + Na(3p) Collisions#,#H.A.J.Meijer,T.J.C.Pelgrim,H.G.M.Heideman#,#Phys.Rev.Lett.59,26,2939 (1987)#
#Mei88#,#Laser Tech#,#Data Acquisition#,#Time response of small side-on photomultiplier tubes in time-correlated single photon counting measu#,#E.C.Meister, U.P.Wild#,#Rev.Sci.Instrum.59(3),499(1988)#
#Mig85#,#Laser Cooling#,#Magnetic Traps#,#First observation of magnetically trapped neutral atoms#,#A.L.Migdall,J.V.Prodan,W.D.Phillips#,#Phys.Rev.Lett. 54, 2596 (1985)#
#Min79#,#Laser Cooling#,#Theory#,#Resonant light pressure forces in a strong standing laser wave#,#V.G.Minogin,O.T.Serimaa#,#Opt.Comm. 30, 373 (1979)#
#Min80a#,#Laser Cooling#,#General#,#Deceleration and monochromatization of atomic beams by laser radiation pressure#,#V.G.Minogin#,#Opt.Comm. 34, 265 (1980)#
#Min80b#,#Laser Cooling#,#Theory#,#Kinetic equation for atoms interacting with laser radiation#,#V.G.Minogin#,#JETP 52, 1032 (1980)#
#Min81a#,#Laser Cooling#,#Theory#,#Kinetic theory of the scattering of atoms by a resonant standinglight wave#,#V.G.Minogin#,#Sov.Phys. JETP 53, 1164 (1981)#
#Min81b#,#Laser Cooling#,#Theory#,#Hydrodynamical equations for atomic motion in a resonant light wave#,#V.G.Minogin,V.S.Letokhov,T.V.Zueva#,#Opt.Comm. 38, 225 (1981)#
#Min81c#,#Laser Cooling#,#Theory#,#Atomic scattering by a resonant standing light wave#,#V.G.Minogin#,#Opt.Comm. 37, 442 (1981)#
#Min82a#,#Laser Cooling#,##,#A tetrahedral light pressure trap for atoms#,#V.G.Minogin,J.Javanainen#,#Opt.Comm. 43, 119 (1982)#
#Min82b#,#Laser Cooling#,#Theory#,#Local velocity distribution of atoms in a light wave in resonance with an atomic transition#,#V.G.Minogin#,#Sov.Phys.Tech.Phys. 27, 1173 (1982)  ›#
#Min82c#,#Laser Cooling#,#Theory#,#Resonance light pressure in the field of partially coherent laser radiation#,#V.G.Minogin#,#Opt.Spectr. (USSR) 53, 73 (1982)#
#Min82d#,#Laser Cooling#,#Magnetic Traps#,#Theory of a radiative atomic trap#,#V.G.Minogin#,#Sov.J.Quant.Electr. 12, 299 (1982)#
#Min85a#,#Laser Cooling#,#Theory#,#Resonance radiation pressure on atoms in symmetrical light fields#,#V.G.Minogin#,#Opt.Lett. 10, 179 (1985)#
#Min85b#,#Atomic Physics#,##,#Coherent dragging of atomic populations in problems of resonant light pressure#,#V.G.Minogin,Y.V.Rozhdestvenskii#,#Sov.Phys.JETP 61, 1156 (1985)#
#Min86#,#Laser Cooling#,#Deceleration#,#Compression of atomic beams by laser radiation pressure#,#V.G.Minogin#,#Opt.Spectr.(USSR) 60, 657 (1986)#
#Min87#,#Laser Cooling#,#Optical Traps#,#Stable trapping of atoms in the field of two standing light waves#,#V.G.Minogin,Yu.V.Rozhdestvenskii#,#Opt.Spektrosk.63,234 (1987)#
#Min87a#,#Laser Cooling#,#Theory#,#Stabilization of atomic velocities by resonance-radiation pressure#,#V.G.Minogin,Y.V.Rozhdestvenskii#,#Opt.Spectrosc.(USSR) 62, 547 (1987)#
#Min87b#,#Laser Cooling#,#Optical Traps#,#Stable localization of atoms in a standing light wave field#,#V.G.Minogin,Y.V.Rozhdestvenskii#,#Opt.Comm. 64, 172 (1987)#
#Mino86#,#Laser cooling#,#Theory#,#Compression of atomic beams by laser radiation pressure#,#V.G.Minogin#,#Opt.Spektrosk.60,1061 (1986)#
#Moi84#,#Laser Cooling#,#General#,#Application of a very long cavity laser to atom slowing down and optical pumping#,#L.Moi#,#Opt.Comm. 50, 349 (1984)#
#Mos83#,#Laser Cooling#,#Deflection#,#Diffraction of an atomic beam by standing-wave radiation#,#P.E.Moskowitz,P.L.Gould,S.R.Atlas,D.E.Pritchard#,#Phys.Rev.Lett. 51, 370 (1983)#
#Nap88#,#Laser Tech#,##,#New polarization-state control scheme: polarization recombining#,#V.Napasab,T.Okoshi#,#Opt.Comm. 66, 83 (1988)#
#Nem88#,#Laser Tech#,#Light Beams#,#Waist shift of a Gaussian beam by plane dielectric interfaces#,#S.Nemoto#,#Appl.Opt.27,1833 (1988)#
#Nie88#,#Ion Traps#,##,#Simple piezoelectric translation device#,#Ph.Niedermann,R.Emch,P.Descouts#,#Rev.Sci.Instr. 59, 368 (1988)#
#Per87#,#Quantum Optics#,#General#,#Ground State Photons Dressing Atoms and Molecules#,#F.Persico,G.Compagno#,##
#Per88#,#Laser Tech#,#General#,#Photoacustic optical powermeter using piezoelectric detection#,#S.B.Peralta, H.H.Al-Khafaji, A.W.Williams#,#J.Phys.E:Sci.Instrum.21(1988)195-196#
#Phi#,#Laser Cooling#,#General#,#Laser cooling of free neutral atoms in an atomic beam#,#W.D.Phillips,J.V.Prodan,H.J.Metcalf#,#in LASER SPECTROSCOPY VI, Eds. H.P.Weber,W.Luthy, (Springer#
#Phi82#,#Laser Cooling#,#General#,#Laser deceleration of an atomic beam#,#W.D.Phillips,H.Metcalf#,#Phys.Rev.Lett. 48, 596 (1982)#
#Phi83#,#Laser Cooling#,#General#,#Neutral atomic beam cooling experiments at NBS#,#W.D.Phillips,J.V.Prodan,H.J.Metcalf#,#"Laser cooled and trapped atoms" ›#
#Phi85#,#Laser Cooling#,#General#,#Laser cooling and electromagnetic trapping of neutral atoms#,#W.D.Phillips,J.V.Prodan,H.J.Metcalf#,#J.Opt.Soc.Am.B 2, 1751 (1985)#
#Phi87#,#Laser Cooling#,#General#,#Cooling and trapping atoms#,#W.D.Phillips,H.J.Metcalf#,#Sci.Am., 36, (March 1987)#
#Piq72#,#Laser Cooling#,#Deflection#,#Atomic-beam deflection and broadening by recoils due to photon absorption or emission#,#J.L.Pique,J.L.Vialle#,#Opt.Comm. 5, 402 (1972)#
#Pre88#,#Laser Cooling#,#Optical Traps#,#Atomic-density-dependent losses in an optical trap#,#M.Prentiss,A.Cable,J.E.Bjorkholm,S.Chu,E.L.Raab,D.E.Pritchard#,#Opt.Lett. 13, 452 (1988)#
#Pren88#,#Laser Cooling#,#Magnetic Traps#,#Atomic-density-dependent losses in an optical trap#,#M.Prentiss,A.Cable,J.E.Bjorkholm,S.Chu#,#Opt.Lett.13,452 (1988)#
#Pri83#,#Laser Cooling#,#Magnetic Traps#,#Cooling neutral atoms in a magnetic trap for precision spectroscopy#,#D.E.Pritchard#,#Phys.Rev.Lett. 51, 1336 (1983)#
#Pri86#,#Laser Cooling#,#Magnetic Traps#,#Light traps using spontaneous forces#,#D.E.Pritchard,E.L.Raab,V.Bagnato,C.E.Wieman,R.N.Watts#,#Phys.Rev.Lett. 57, 310 (1986)#
#Pro82#,#Laser Cooling#,#General#,#Laser production of a very slow monoenergetic atomic beam#,#J.V.Prodan,W.D.Phillips,H.Metcalf#,#Phys.Rev.Lett. 49, 1149 (1982)#
#Pro83#,#Laser Cooling#,#General#,#Chirping the light - fantastic?#,#J.V.Prodan,W.D.Phillips#,#"Laser cooled and trapped atoms" (1983)#
#Pro85#,#Laser Cooling#,#General#,#Stopping atoms with laser light#,#J.V.Prodan,A.Migdall,W.D.Phillips,I.So,H.Metcalf,J.Dalibard#,#Phys.Rev.Lett. 54, 992 (1985)#
#Raa87#,#Laser Cooling#,#Magnetic Traps#,#Trapping of neutral sodium atoms with radiation pressure#,#E.L.Raab,M.Prentiss,A.Cable,S.Chu,D.E.Pritchard#,#Phys.Rev.Lett.59,2631 (1987)#
#Rabi34#,#Atomic Physics#,#AB Methods#,#Measurement of Nuclear Spin by the Method of Molecular Beams. The Nuclear Spin of Sodium#,#I.I.Rabi,V.W.Cohen#,#Phys.Rew.46,707 (1934)#
#Rabi34#,#Atomic Physics#,#AB Methods#,#The Magnetic Moment of the Proton#,#I.I.Rabi,J.M.B.Kellogg,J.R.Zacharias#,##
#Rad82#,#Atomic Physics#,##,#Population trapping and dispersion in a three-level system#,#P.M.Radmore,P.L.Knight#,#J.Phys.B:At.Mol.Phys. 15, 561 (1982)#
#Red#,#Laser Cooling#,##,#Optical tweezers pluck living organisms#,#Redaktion#,#New Scientist, ›#
#Red85#,#Laser Cooling#,#General#,#Atomic beams stopped by laser light, and trapped#,#Redaktion#,#Physics today 6, 17 (1985)#
#Red86#,#Laser Cooling#,#General#,#Laser beam forms optical trap for neutral atoms#,#Redaktion#,#Physics today 9 ,17 (1986)#
#Ree88#,#Laser Cooling#,##,#On cooling tea and coffee#,#W.G.Rees,C,Viney#,#Am.J.Phys. 56, 434 (1988)#
#Rio78#,#Laser Tech#,#Light Beams#,#Linear, annular, and radial focusing with axicons and applications to laser machining#,#M.Rioux,R.Tremblay,P.A.BÇlanger#,#App. Opt.17,10,1532 (1978)#
#Sa#,#Laser Cooling#,##,#Optical Ramsey fringes in two-photon spectroscopy#,#M.M.Salour#,#(evtl LASER SPECTR: XX )#
#Sal77a#,#Laser Cooling#,##,#Observation of Ramsey's interference fringes in the profile of Doppler-free two-photon resonances#,#M.M.Salour,C.Cohen-Tannoudji#,#Phys.Rev.Lett. 38,757 (1977)#
#Sal77b#,#Laser Cooling#,##,#Isolated optical Ramsey fringes in the 3-2S -> 4-2D two-photon transitions of sodium#,#M.M.Salour#,#Appl.Phys.Lett.31, 394 (1977)#
#Sal87#,#Laser Cooling#,#Focussing#,#Channeling atoms in a laser standing wave#,#C.Salomon,J.Dalibard,A.Aspect,H.Metcalf,C.Cohen-Tannoudji#,#Phys.Rev.Lett. 59, 1659 (1987)#
#Sal88#,#Laser Cooling#,#General#,#La temperature limite d'un jet atomique de cesium ralenti par diode laser#,#C.Salomon,J.Dalibard#,#C.R.Acad.Sci.Paris t306, 1319 (1988)#
#Schi72#,#Laser Cooling#,#Deflection#,#Atomic beam deflection by the light of a tunable dye laser#,#R.Schieder,H.Walter,L.Woeste#,#Opt.Comm.5,337 (1972)#
#Schu73#,#Atomic Physics#,##,#Cw velocity selection by laser optical pumping#,#F.Schuda,C.R.Stroud jr.#,#Opt.Comm. 9, 14 (1973)#
#Ses88#,#Laser Cooling#,#Focussing#,#Production of a cold atomic vapor using diode-laser cooling#,#D.Sesko,C.G.Fan,C.E.Wieman#,#J.Opt.Soc.Am. B5, 1225 (1988)#
#Sha85#,#Laser Cooling#,#Theory#,#Effect of amplitude fluctuations in radiation pressure#,#M.P.Sharma,S.Prasad#,#Phys.Rev. A31, 3988 (1985)#
#Shi87#,#Laser Cooling#,#General#,#Laser cooling of a neon atomic beam in metastable states#,#F.Shimizu,K.Shimizu,H.Takuma#,#Jap.J.Appl.Phys. 26, L1847 (1987)#
#Sim88#,#Quantum Optics#,##,#Evolving geometric phase and its dynamical manifestation as a frequency shift: an optical experiment#,#R.Simon,H.J.Kimble,E.C.G.Sudarshan#,#Phys.Rev.Lett. 61, 19 (1988)#
#Smi70#,#Laser Cooling#,##,#Mode-locking of lasers#,#P.W.Smith#,#Proc.IEEE 58, 1342 (1970)#
#Spe88#,#Laser Tech#,#Dye Lasers#,#Improved cavity alignment system for Spectra Physics 380D single-mode ring dye lasers#,#A.M.van der Spek, P.Magendans, A.H.Kemper#,#Rev.Sci.Instrum.59(4), 653(1988)#
#Sta88#,#Laser Tech#,#Dye Lasers#,#Compact high flow dye cell for laser-pumped dye lasers#,#K.A.Stankov#,#Rev.Sci.Instrum.59(4),666(1988)#
#Ste78#,#Laser Cooling#,#Theory#,#Resonant light pressure due to a strong standing light wave#,#S.Stenholm,V.G.Minogin,V.S.Letokhov#,#Opt.Comm. 25, 107 (1978)#
#Ste83#,#Atomic Physics#,##,#Velocity-specific atomic-state selection in an atomic beam by continuous-wave optical pumping#,#D.G.Steel,R.A.McFarlane#,#Opt.Lett. 8, 33 (1983)#
#Ste88#,#Laser Cooling#,#Optical Traps#,#Principles of photon cooling in traps#,#S.Stenholm#,#Physica Scripta T22, 69 (1988)#
#Ste88#,#Laser Cooling#,#Deflection#,#Quasiresonant vibration <-> rotation transfer in atom-diatom collisions#,#B.Stewart,P.D.Magill,T.P.Scott,J.Derouard,D.E.Pritchard#,#Phys.Rev.Lett. 60, 282 (1988)#
#Str88#,#Atomic Physics#,#General#,#Enhanced efficiency in seperation of Rb isotopes by light-induced drift w. diode laser,relaxation sb#,#A.D.Streater,J.Mooibroek,J.P.Woerdman#,#Appl.Phys.Lett.52,602 (1988)#
#Tan83#,#Laser Cooling#,#Theory#,#Deflection profiles of a monoenergetic atomic beam crossing astanding light wave#,#C.Tanguy,S.Reynaud,M.Matsuoka,C.Cohen-Tannoudji#,#Opt.Comm. 44, 249 (1983)#
#Tan84#,#Laser Cooling#,#Theory#,#Deflection of an atomic beam by a laser wave: transition between diffractive and diffusive regimes#,#C.Tanguy,S.Reynaud,C.Cohen-Tannoudji#,#J.Phys.B:At.Mol.Phys.17,4623 (1984)#
#Tan88#,#Laser Tech#,#Diode Lasers#,#Atomic beam collimation using a laser diode with a self-locking power-buildup cavity#,#C.E.Tanner,B.P.Masterson,C.E.Wieman#,#Opt.Lett.15,357 (1988)#
#Tho82#,#Laser Cooling#,##,#Observation of Ramsey fringes using a stimulated,resonance raman transition in a sodium atomic beam#,#J.E.Thomas,P.R.Hemmer,S.Ezekiel,C.C.Leiby,R.H.Picard,C.R.Willis#,#Phys.Rev.Lett. 48,867 (1982)#
#Van88#,#Laser Cooling#,##,#Summary of the physics in traps panel#,#R.S.Van Dyck jr.,H.A.SchÅssler,R.D.Knight,D.Dubin,W.D.Phillis,G.Lafyatis#,#Physica Scripta T22, 228 (1988)#
#Ver85#,#Atomic Physics#,##,#Accurate (0.25 mrad) perpendicular alignement of a continuous-wave single-mode dye laser beam and an#,#M.J.Verheijen,H.C.W.Beijerinck,N.F.Verster#,#Rev.Sci.Instr. 56, 62 (1985)#
#Wal88#,#Laser Cooling#,#Theory#,#Fokker-Planck analysis of atomic beam cooling by frequency chirp methods#,#H.Wallis,W.Ertmer#,#J.Phys.B 21, › (1988)#
#Wass88#,#Surface#,#Exp. Tech#,#Nuclear spin depolarization of 6Li on surface ionizers#,#K.Wassmuth,D.Fick#,#Nucl.Instr.&Meth.in Phys.Res.a267,22 (1988)#
#Wat86#,#Laser Cooling#,#Deceleration#,#Manipulating atomic velocities using diode lasers#,#R.N.Watts,C.E.Wieman#,#Opt.Lett.11,291 (1986)#
#Wat86b#,#Laser Cooling#,#General#,#The production of a highly polarized atomic cesium beam#,#R.N.Watts,C.E.Wieman#,#Opt.Comm. 57, 45 (1986)#
#Web87#,#Laser Tech#,#Light Beams#,#Focusing and Imaging of Laser Beams#,#H.Weber#,#Opt.Comm.62,124 (1987)#
#Wei#,#Laser Tech#,#Light Beams#,#A Summary of useful Laser Equations - an LIA Report#,#H.Weichel,L.S.Pedrotti#,##
#Win79#,#Laser Cooling#,#Theory#,#Laser cooling of atoms#,#D.J.Wineland,W.M.Itano#,#Phys.Rev.A 20, 1521, (1979)#
#Win80#,#Laser Cooling#,##,#Electrostatic trapping of neutral atomic particles#,#W.H.Wing#,#Phys.Rev.Lett. 45, 631 (1980)#
#Win87#,#Ion Traps#,#General#,#Atomic-Ion Coulomb Clusters in an Ion Trap#,#D.J.Wineland,J.C.Bergquist,I.Wayne,J.J.Bollinger,C.H.Manney#,#Phys.Rev.Lett.59,26,2935 (1987)#
#Wu88#,#Laser Tech#,#Diode Lasers#,#Wavelength tuning and switching of a coupled distributed feedback and Fabry-Perot cavity laser#,#M.C.Wu,M.M.Boenke,M.Werner,F.Schiffmann,Y.H.Lo,S.Wang#,#J.Appl.Phys.63,291 (1987)#
#Xia88#,#Quantum Optics#,##,#Detection of amplitude modulation with squeezed light for sensitivity beyond the shot-noise limit#,#M.Xiao,L.A.Wu,H.J.Kimble#,#Opt.Lett. 13, 476 (1988)#
#Xu88#,#Laser Cooling#,#General#,#Resonance radiation pressure on an atomic vapor#,#J.H.Xu,L.Moi#,#Opt.Comm. 67, 282 (1988)#
#Yuz83#,#Laser Cooling#,#Deflection#,#Deflection of a sodium atomic beam by resonance light pressure of   multi-laser-beam#,#W.Yuzhu et al.#,#Sci.Sin. A27,881 (1983)#
#Yuz84#,#Laser Cooling#,#Deflection#,#Deflection of sodium atomic beam by resonance light pressure ofmulti-laser-beam#,#W.Yuzhu,Z.Rufang,Z.Zhiyiao,C.Weiquan,N.Guoquan,Z.Shanyu,W.Changsheng,Z.Weijun#,#Sc.Sin. A 27, 881 (1984)#
#Zue81#,#Laser Cooling#,#General#,#Theory of the deceleration of atomic beams by resonant laser radiation#,#T.V.Zueva,V.S.Lethokov,V.G.Minogin#,#Sov.Phys.JETP 54, 38 (1981)#
